I'm sorry, but errors were detected in your script. Please correct the
errors listed below, and try again.


File "game/script.rpy", line 381: expected 'simple_expression' not found.
    with with fade
         ^

Ren'Py Version: Ren'Py 8.5.3.26051504
Fri Jun 26 13:14:07 2026
